\BOOKMARK [0][-]{chapter*.2}{\376\377\000A\000b\000s\000t\000r\000a\000c\000t}{}% 1
\BOOKMARK [0][-]{chapter*.3}{\376\377\000A\000c\000k\000n\000o\000w\000l\000e\000d\000g\000e\000m\000e\000n\000t}{}% 2
\BOOKMARK [0][-]{chapter*.5}{\376\377\000L\000i\000s\000t\000s\000\040\000o\000f\000\040\000F\000i\000g\000u\000r\000e\000s}{}% 3
\BOOKMARK [0][-]{chapter*.6}{\376\377\000L\000i\000s\000t\000s\000\040\000o\000f\000\040\000T\000a\000b\000l\000e\000s}{}% 4
\BOOKMARK [0][-]{chapter.1}{\376\377\000I\000n\000t\000r\000o\000d\000u\000c\000t\000i\000o\000n}{}% 5
\BOOKMARK [1][-]{section.1.1}{\376\377\000B\000a\000c\000k\000g\000r\000o\000u\000n\000d}{chapter.1}% 6
\BOOKMARK [1][-]{section.1.2}{\376\377\000O\000b\000j\000e\000c\000t\000i\000v\000e}{chapter.1}% 7
\BOOKMARK [1][-]{section.1.3}{\376\377\000P\000r\000o\000j\000e\000c\000t\000\040\000S\000c\000o\000p\000e}{chapter.1}% 8
\BOOKMARK [1][-]{section.1.4}{\376\377\000C\000o\000n\000t\000r\000i\000b\000u\000t\000i\000o\000n\000s}{chapter.1}% 9
\BOOKMARK [1][-]{section.1.5}{\376\377\000P\000r\000o\000j\000e\000c\000t\000\040\000S\000c\000h\000e\000d\000u\000l\000e}{chapter.1}% 10
\BOOKMARK [1][-]{section.1.6}{\376\377\000R\000e\000p\000o\000r\000t\000\040\000O\000r\000g\000a\000n\000i\000s\000a\000t\000i\000o\000n}{chapter.1}% 11
\BOOKMARK [0][-]{chapter.2}{\376\377\000L\000i\000t\000e\000r\000a\000t\000u\000r\000e\000\040\000R\000e\000v\000i\000e\000w}{}% 12
\BOOKMARK [1][-]{section.2.1}{\376\377\000I\000n\000f\000r\000a\000s\000t\000r\000u\000c\000t\000u\000r\000e\000\040\000a\000s\000\040\000C\000o\000d\000e\000\040\000\050\000I\000a\000C\000\051}{chapter.2}% 13
\BOOKMARK [2][-]{subsection.2.1.1}{\376\377\000T\000e\000r\000r\000a\000f\000o\000r\000m}{section.2.1}% 14
\BOOKMARK [2][-]{subsection.2.1.2}{\376\377\000A\000W\000S\000\040\000C\000l\000o\000u\000d\000F\000o\000r\000m\000a\000t\000i\000o\000n}{section.2.1}% 15
\BOOKMARK [2][-]{subsection.2.1.3}{\376\377\000O\000p\000e\000n\000T\000o\000f\000u}{section.2.1}% 16
\BOOKMARK [2][-]{subsection.2.1.4}{\376\377\000A\000n\000s\000i\000b\000l\000e}{section.2.1}% 17
\BOOKMARK [1][-]{section.2.2}{\376\377\000I\000a\000C\000\040\000O\000r\000c\000h\000e\000s\000t\000r\000a\000t\000i\000o\000n\000\040\000a\000n\000d\000\040\000F\000r\000a\000m\000e\000w\000o\000r\000k\000s}{chapter.2}% 18
\BOOKMARK [2][-]{subsection.2.2.1}{\376\377\000T\000e\000r\000r\000a\000g\000r\000u\000n\000t}{section.2.2}% 19
\BOOKMARK [2][-]{subsection.2.2.2}{\376\377\000T\000e\000r\000r\000a\000s\000p\000a\000c\000e}{section.2.2}% 20
\BOOKMARK [1][-]{section.2.3}{\376\377\000C\000o\000n\000t\000a\000i\000n\000e\000r\000\040\000a\000n\000d\000\040\000C\000o\000n\000t\000a\000i\000n\000e\000r\000\040\000O\000r\000c\000h\000e\000s\000t\000r\000a\000t\000i\000o\000n}{chapter.2}% 21
\BOOKMARK [2][-]{subsection.2.3.1}{\376\377\000D\000o\000c\000k\000e\000r}{section.2.3}% 22
\BOOKMARK [2][-]{subsection.2.3.2}{\376\377\000K\000u\000b\000e\000r\000n\000e\000t\000e\000s}{section.2.3}% 23
\BOOKMARK [1][-]{section.2.4}{\376\377\000I\000n\000f\000r\000a\000s\000t\000r\000u\000c\000t\000u\000r\000e\000\040\000a\000n\000d\000\040\000C\000l\000o\000u\000d}{chapter.2}% 24
\BOOKMARK [2][-]{subsection.2.4.1}{\376\377\000V\000i\000r\000t\000u\000a\000l\000\040\000P\000r\000i\000v\000a\000t\000e\000\040\000C\000l\000o\000u\000d\000\040\000\050\000V\000P\000C\000\051}{section.2.4}% 25
\BOOKMARK [2][-]{subsection.2.4.2}{\376\377\000S\000u\000b\000n\000e\000t\000s}{section.2.4}% 26
\BOOKMARK [2][-]{subsection.2.4.3}{\376\377\000V\000i\000r\000t\000u\000a\000l\000\040\000M\000a\000c\000h\000i\000n\000e\000s}{section.2.4}% 27
\BOOKMARK [2][-]{subsection.2.4.4}{\376\377\000S\000e\000c\000u\000r\000i\000t\000y\000\040\000G\000r\000o\000u\000p\000s}{section.2.4}% 28
\BOOKMARK [2][-]{subsection.2.4.5}{\376\377\000E\000l\000a\000s\000t\000i\000c\000\040\000N\000e\000t\000w\000o\000r\000k\000\040\000I\000n\000t\000e\000r\000f\000a\000c\000e\000s\000\040\000\050\000E\000N\000I\000\051}{section.2.4}% 29
\BOOKMARK [2][-]{subsection.2.4.6}{\376\377\000I\000n\000s\000t\000a\000n\000c\000e\000\040\000T\000e\000m\000p\000l\000a\000t\000e\000s}{section.2.4}% 30
\BOOKMARK [2][-]{subsection.2.4.7}{\376\377\000M\000a\000n\000a\000g\000e\000d\000\040\000K\000u\000b\000e\000r\000n\000e\000t\000e\000s\000\040\000S\000e\000r\000v\000i\000c\000e}{section.2.4}% 31
\BOOKMARK [2][-]{subsection.2.4.8}{\376\377\000F\000i\000l\000e\000\040\000S\000y\000s\000t\000e\000m\000s}{section.2.4}% 32
\BOOKMARK [2][-]{subsection.2.4.9}{\376\377\000S\000c\000a\000l\000i\000n\000g\000\040\000G\000r\000o\000u\000p\000s}{section.2.4}% 33
\BOOKMARK [2][-]{subsection.2.4.10}{\376\377\000m\000i\000n\000i\000k\000u\000b\000e}{section.2.4}% 34
\BOOKMARK [0][-]{chapter.3}{\376\377\000P\000l\000a\000n\000n\000i\000n\000g\000\040\000a\000n\000d\000\040\000D\000e\000s\000i\000g\000n}{}% 35
\BOOKMARK [1][-]{section.3.1}{\376\377\000T\000r\000a\000d\000i\000t\000i\000o\000n\000a\000l\000\040\000A\000p\000p\000r\000o\000a\000c\000h\000e\000s}{chapter.3}% 36
\BOOKMARK [2][-]{subsection.3.1.1}{\376\377\000A\000W\000S\000\040\000E\000l\000a\000s\000t\000i\000c\000\040\000C\000o\000n\000t\000a\000i\000n\000e\000r\000\040\000S\000e\000r\000v\000i\000c\000e\000\040\000\050\000E\000C\000S\000\051}{section.3.1}% 37
\BOOKMARK [2][-]{subsection.3.1.2}{\376\377\000A\000W\000S\000\040\000E\000l\000a\000s\000t\000i\000c\000\040\000K\000u\000b\000e\000r\000n\000e\000t\000e\000s\000\040\000S\000e\000r\000v\000i\000c\000e\000\040\000\050\000E\000K\000S\000\051}{section.3.1}% 38
\BOOKMARK [1][-]{section.3.2}{\376\377\000C\000h\000a\000l\000l\000e\000n\000g\000e\000s}{chapter.3}% 39
\BOOKMARK [1][-]{section.3.3}{\376\377\000P\000r\000o\000p\000o\000s\000e\000d\000\040\000S\000o\000l\000u\000t\000i\000o\000n}{chapter.3}% 40
\BOOKMARK [2][-]{subsection.3.3.1}{\376\377\000K\000e\000y\000\040\000P\000r\000i\000n\000c\000i\000p\000l\000e\000s}{section.3.3}% 41
\BOOKMARK [2][-]{subsection.3.3.2}{\376\377\000W\000o\000r\000k\000f\000l\000o\000w}{section.3.3}% 42
\BOOKMARK [2][-]{subsection.3.3.3}{\376\377\000B\000e\000n\000e\000f\000i\000t\000s\000\040\000o\000f\000\040\000c\000l\000o\000u\000d\000k\000u\000b\000e}{section.3.3}% 43
\BOOKMARK [0][-]{chapter.4}{\376\377\000I\000m\000p\000l\000e\000m\000e\000n\000t\000a\000t\000i\000o\000n}{}% 44
\BOOKMARK [0][-]{chapter.5}{\376\377\000R\000e\000s\000u\000l\000t\000s\000\040\000a\000n\000d\000\040\000A\000n\000a\000l\000y\000s\000i\000s}{}% 45
\BOOKMARK [0][-]{chapter.6}{\376\377\000C\000o\000n\000c\000l\000u\000s\000i\000o\000n\000\040\000a\000n\000d\000\040\000F\000u\000t\000u\000r\000e\000\040\000W\000o\000r\000k}{}% 46
\BOOKMARK [0][-]{appendix.A}{\376\377\000A\000p\000p\000e\000n\000d\000i\000x\000\040\000A\000:\000\040\000A\000W\000S\000\040\000C\000l\000o\000u\000d\000F\000o\000r\000m\000a\000t\000i\000o\000n\000\040\000Y\000A\000M\000L\000\040\000T\000e\000m\000p\000l\000a\000t\000e\000\040\000f\000o\000r\000\040\000E\000K\000S\000\040\000I\000P\000v\0004}{}% 47
\BOOKMARK [0][-]{appendix.B}{\376\377\000A\000p\000p\000e\000n\000d\000i\000x\000\040\000B\000:\000\040\000V\000P\000C\000\040\000R\000e\000q\000u\000i\000r\000e\000m\000e\000n\000t\000s\000\040\000f\000o\000r\000\040\000E\000K\000S\000\040\000C\000l\000u\000s\000t\000e\000r\000\040\000i\000n\000\040\000A\000W\000S}{}% 48
\BOOKMARK [0][-]{appendix.C}{\376\377\000A\000p\000p\000e\000n\000d\000i\000x\000\040\000C\000:\000\040\000A\000W\000S\000\040\000E\000K\000S\000\040\000A\000d\000d\000-\000o\000n\000s}{}% 49
\BOOKMARK [0][-]{appendix.D}{\376\377\000A\000p\000p\000e\000n\000d\000i\000x\000\040\000C\000:\000\040\000c\000l\000o\000u\000d\000k\000u\000b\000e\000\040\000R\000E\000A\000D\000M\000E}{}% 50
